<html>
<body>
<pre>
<h1>µVision Build Log</h1>
<h2>Project:</h2>
C:\Users\student\Desktop\KeilProjects\Test\GPIO.uvproj
Project File Date:  03/27/2019

<h2>Output:</h2>
Build target 'Target 1'
compiling main.c...
main.c(10): warning:  #1294-D: Old-style function MsDelay
main.c(38): error:  #20: identifier "iLedNr" is undefined
main.c(36): warning:  #177-D: variable "LedNr" was declared but never referenced
".\Test.axf" - 1 Errors, 2 Warning(s).
Target not created
Build target 'Target 1'
compiling main.c...
main.c(10): warning:  #1294-D: Old-style function MsDelay
linking...
Program Size: Code=780 RO-data=16 RW-data=0 ZI-data=1256  
FromELF: creating hex file...
".\Test.axf" - 0 Errors, 1 Warning(s).
Build target 'Target 1'
compiling main.c...
main.c(10): warning:  #1294-D: Old-style function MsDelay
linking...
Program Size: Code=784 RO-data=16 RW-data=0 ZI-data=1256  
FromELF: creating hex file...
".\Test.axf" - 0 Errors, 1 Warning(s).
Build target 'Target 1'
compiling main.c...
main.c(10): warning:  #1294-D: Old-style function MsDelay
linking...
Program Size: Code=784 RO-data=16 RW-data=0 ZI-data=1256  
FromELF: creating hex file...
".\Test.axf" - 0 Errors, 1 Warning(s).
Build target 'Target 1'
compiling main.c...
main.c(12): warning:  #1294-D: Old-style function MsDelay
main.c(25): error:  #20: identifier "LED03_bm" is undefined
".\Test.axf" - 1 Errors, 1 Warning(s).
Target not created
Build target 'Target 1'
compiling main.c...
main.c(12): warning:  #1294-D: Old-style function MsDelay
linking...
Program Size: Code=812 RO-data=16 RW-data=0 ZI-data=1256  
FromELF: creating hex file...
".\Test.axf" - 0 Errors, 1 Warning(s).
Build target 'Target 1'
compiling main.c...
main.c(12): warning:  #1294-D: Old-style function MsDelay
linking...
Program Size: Code=872 RO-data=16 RW-data=0 ZI-data=1256  
FromELF: creating hex file...
".\Test.axf" - 0 Errors, 1 Warning(s).
Build target 'Target 1'
linking...
Program Size: Code=872 RO-data=16 RW-data=0 ZI-data=1256  
FromELF: creating hex file...
".\Test.axf" - 0 Errors, 0 Warning(s).
Build target 'Target 1'
compiling main.c...
main.c(18): warning:  #1294-D: Old-style function MsDelay
linking...
Program Size: Code=876 RO-data=16 RW-data=0 ZI-data=1256  
FromELF: creating hex file...
".\Test.axf" - 0 Errors, 1 Warning(s).
Build target 'Target 1'
compiling main.c...
main.c(18): warning:  #1294-D: Old-style function MsDelay
linking...
Program Size: Code=876 RO-data=16 RW-data=0 ZI-data=1256  
FromELF: creating hex file...
".\Test.axf" - 0 Errors, 1 Warning(s).
Build target 'Target 1'
compiling main.c...
main.c(18): warning:  #1294-D: Old-style function MsDelay
linking...
Program Size: Code=868 RO-data=16 RW-data=0 ZI-data=1256  
FromELF: creating hex file...
".\Test.axf" - 0 Errors, 1 Warning(s).
Build target 'Target 1'
linking...
Program Size: Code=868 RO-data=16 RW-data=0 ZI-data=1256  
FromELF: creating hex file...
".\Test.axf" - 0 Errors, 0 Warning(s).
Build target 'Target 1'
compiling main.c...
main.c(18): warning:  #1294-D: Old-style function MsDelay
linking...
Program Size: Code=876 RO-data=16 RW-data=0 ZI-data=1256  
FromELF: creating hex file...
".\Test.axf" - 0 Errors, 1 Warning(s).
Build target 'Target 1'
linking...
Program Size: Code=876 RO-data=16 RW-data=0 ZI-data=1256  
FromELF: creating hex file...
".\Test.axf" - 0 Errors, 0 Warning(s).
Build target 'Target 1'
compiling main.c...
main.c(12): warning:  #1294-D: Old-style function MsDelay
linking...
Program Size: Code=932 RO-data=16 RW-data=0 ZI-data=1256  
FromELF: creating hex file...
".\Test.axf" - 0 Errors, 1 Warning(s).
Build target 'Target 1'
linking...
Program Size: Code=932 RO-data=16 RW-data=0 ZI-data=1256  
FromELF: creating hex file...
".\Test.axf" - 0 Errors, 0 Warning(s).
Build target 'Target 1'
linking...
Program Size: Code=932 RO-data=16 RW-data=0 ZI-data=1256  
FromELF: creating hex file...
".\Test.axf" - 0 Errors, 0 Warning(s).
Build target 'Target 1'
linking...
Program Size: Code=932 RO-data=16 RW-data=0 ZI-data=1256  
FromELF: creating hex file...
".\Test.axf" - 0 Errors, 0 Warning(s).
Build target 'Target 1'
compiling main.c...
main.c(12): warning:  #1294-D: Old-style function MsDelay
linking...
Program Size: Code=932 RO-data=16 RW-data=0 ZI-data=1256  
FromELF: creating hex file...
".\Test.axf" - 0 Errors, 1 Warning(s).
Build target 'Target 1'
linking...
Program Size: Code=932 RO-data=16 RW-data=0 ZI-data=1256  
FromELF: creating hex file...
".\Test.axf" - 0 Errors, 0 Warning(s).
Build target 'Target 1'
linking...
Program Size: Code=932 RO-data=16 RW-data=0 ZI-data=1256  
FromELF: creating hex file...
".\Test.axf" - 0 Errors, 0 Warning(s).
Build target 'Target 1'
compiling main.c...
main.c(12): warning:  #1294-D: Old-style function MsDelay
linking...
Program Size: Code=936 RO-data=16 RW-data=0 ZI-data=1256  
FromELF: creating hex file...
".\Test.axf" - 0 Errors, 1 Warning(s).
Build target 'Target 1'
linking...
Program Size: Code=936 RO-data=16 RW-data=0 ZI-data=1256  
FromELF: creating hex file...
".\Test.axf" - 0 Errors, 0 Warning(s).
Build target 'Target 1'
compiling main.c...
main.c(12): warning:  #1294-D: Old-style function MsDelay
linking...
Program Size: Code=936 RO-data=16 RW-data=0 ZI-data=1256  
FromELF: creating hex file...
".\Test.axf" - 0 Errors, 1 Warning(s).
Build target 'Target 1'
linking...
Program Size: Code=936 RO-data=16 RW-data=0 ZI-data=1256  
FromELF: creating hex file...
".\Test.axf" - 0 Errors, 0 Warning(s).
Build target 'Target 1'
compiling main.c...
main.c(12): warning:  #1294-D: Old-style function MsDelay
linking...
Program Size: Code=936 RO-data=16 RW-data=0 ZI-data=1256  
FromELF: creating hex file...
".\Test.axf" - 0 Errors, 1 Warning(s).
Build target 'Target 1'
linking...
Program Size: Code=936 RO-data=16 RW-data=0 ZI-data=1256  
FromELF: creating hex file...
".\Test.axf" - 0 Errors, 0 Warning(s).
Build target 'Target 1'
compiling main.c...
main.c(12): warning:  #1294-D: Old-style function MsDelay
linking...
Program Size: Code=936 RO-data=16 RW-data=0 ZI-data=1256  
FromELF: creating hex file...
".\Test.axf" - 0 Errors, 1 Warning(s).
Build target 'Target 1'
linking...
Program Size: Code=936 RO-data=16 RW-data=0 ZI-data=1256  
FromELF: creating hex file...
".\Test.axf" - 0 Errors, 0 Warning(s).
Build target 'Target 1'
compiling main.c...
main.c(12): warning:  #1294-D: Old-style function MsDelay
linking...
Program Size: Code=936 RO-data=16 RW-data=0 ZI-data=1256  
FromELF: creating hex file...
".\Test.axf" - 0 Errors, 1 Warning(s).
Build target 'Target 1'
linking...
Program Size: Code=936 RO-data=16 RW-data=0 ZI-data=1256  
FromELF: creating hex file...
".\Test.axf" - 0 Errors, 0 Warning(s).
Build target 'Target 1'
compiling main.c...
main.c(12): warning:  #1294-D: Old-style function MsDelay
main.c(24): error:  #20: identifier "LED1DIR" is undefined
".\Test.axf" - 1 Errors, 1 Warning(s).
Target not created
Build target 'Target 1'
compiling main.c...
main.c(12): warning:  #1294-D: Old-style function MsDelay
linking...
Program Size: Code=948 RO-data=16 RW-data=0 ZI-data=1256  
FromELF: creating hex file...
".\Test.axf" - 0 Errors, 1 Warning(s).
Build target 'Target 1'
linking...
Program Size: Code=948 RO-data=16 RW-data=0 ZI-data=1256  
FromELF: creating hex file...
".\Test.axf" - 0 Errors, 0 Warning(s).
Build target 'Target 1'
linking...
Program Size: Code=948 RO-data=16 RW-data=0 ZI-data=1256  
FromELF: creating hex file...
".\Test.axf" - 0 Errors, 0 Warning(s).
Build target 'Target 1'
compiling main.c...
main.c(12): warning:  #1294-D: Old-style function MsDelay
linking...
Program Size: Code=948 RO-data=16 RW-data=0 ZI-data=1256  
FromELF: creating hex file...
".\Test.axf" - 0 Errors, 1 Warning(s).
Build target 'Target 1'
linking...
Program Size: Code=948 RO-data=16 RW-data=0 ZI-data=1256  
FromELF: creating hex file...
".\Test.axf" - 0 Errors, 0 Warning(s).
Build target 'Target 1'
compiling main.c...
main.c(12): warning:  #1294-D: Old-style function MsDelay
linking...
Program Size: Code=948 RO-data=16 RW-data=0 ZI-data=1256  
FromELF: creating hex file...
".\Test.axf" - 0 Errors, 1 Warning(s).
Build target 'Target 1'
linking...
Program Size: Code=948 RO-data=16 RW-data=0 ZI-data=1256  
FromELF: creating hex file...
".\Test.axf" - 0 Errors, 0 Warning(s).
Build target 'Target 1'
compiling main.c...
main.c(12): warning:  #1294-D: Old-style function MsDelay
main.c(40): error:  #29: expected an expression
main.c(41): error:  #127: expected a statement
main.c(41): warning:  #940-D: missing return statement at end of non-void function "iReadButton1"
".\Test.axf" - 2 Errors, 2 Warning(s).
Target not created
Build target 'Target 1'
compiling main.c...
main.c(12): warning:  #1294-D: Old-style function MsDelay
main.c(40): error:  #29: expected an expression
main.c(41): error:  #127: expected a statement
main.c(41): warning:  #940-D: missing return statement at end of non-void function "iReadButton1"
".\Test.axf" - 2 Errors, 2 Warning(s).
Target not created
Build target 'Target 1'
compiling main.c...
main.c(12): warning:  #1294-D: Old-style function MsDelay
linking...
Program Size: Code=948 RO-data=16 RW-data=0 ZI-data=1256  
FromELF: creating hex file...
".\Test.axf" - 0 Errors, 1 Warning(s).
Build target 'Target 1'
linking...
Program Size: Code=948 RO-data=16 RW-data=0 ZI-data=1256  
FromELF: creating hex file...
".\Test.axf" - 0 Errors, 0 Warning(s).
Build target 'Target 1'
compiling main.c...
main.c(12): warning:  #1294-D: Old-style function MsDelay
main.c(49): error:  #65: expected a ";"
main.c(50): error:  #127: expected a statement
".\Test.axf" - 2 Errors, 1 Warning(s).
Target not created
Build target 'Target 1'
compiling main.c...
main.c(12): warning:  #1294-D: Old-style function MsDelay
linking...
Program Size: Code=968 RO-data=16 RW-data=0 ZI-data=1256  
FromELF: creating hex file...
".\Test.axf" - 0 Errors, 1 Warning(s).
Build target 'Target 1'
linking...
Program Size: Code=968 RO-data=16 RW-data=0 ZI-data=1256  
FromELF: creating hex file...
".\Test.axf" - 0 Errors, 0 Warning(s).
Build target 'Target 1'
compiling main.c...
main.c(12): warning:  #1294-D: Old-style function MsDelay
linking...
Program Size: Code=960 RO-data=16 RW-data=0 ZI-data=1256  
FromELF: creating hex file...
".\Test.axf" - 0 Errors, 1 Warning(s).
Build target 'Target 1'
linking...
Program Size: Code=960 RO-data=16 RW-data=0 ZI-data=1256  
FromELF: creating hex file...
".\Test.axf" - 0 Errors, 0 Warning(s).
Build target 'Target 1'
compiling main.c...
main.c(12): warning:  #1294-D: Old-style function MsDelay
main.c(40): error:  #20: identifier "x0" is undefined
".\Test.axf" - 1 Errors, 1 Warning(s).
Target not created
Build target 'Target 1'
compiling main.c...
main.c(12): warning:  #1294-D: Old-style function MsDelay
linking...
Program Size: Code=980 RO-data=16 RW-data=0 ZI-data=1256  
FromELF: creating hex file...
".\Test.axf" - 0 Errors, 1 Warning(s).
Build target 'Target 1'
linking...
Program Size: Code=980 RO-data=16 RW-data=0 ZI-data=1256  
FromELF: creating hex file...
".\Test.axf" - 0 Errors, 0 Warning(s).
Build target 'Target 1'
compiling main.c...
main.c(12): warning:  #1294-D: Old-style function MsDelay
main.c(46): error:  #40: expected an identifier
main.c(46): error:  #18: expected a ")"
main.c(47): error:  #40: expected an identifier
main.c(47): error:  #18: expected a ")"
main.c(47): error:  #144: a value of type "int" cannot be used to initialize an entity of type "int *"
".\Test.axf" - 5 Errors, 1 Warning(s).
Target not created
Build target 'Target 1'
compiling main.c...
main.c(12): warning:  #1294-D: Old-style function MsDelay
linking...
Program Size: Code=1012 RO-data=16 RW-data=0 ZI-data=1256  
FromELF: creating hex file...
".\Test.axf" - 0 Errors, 1 Warning(s).
Build target 'Target 1'
linking...
Program Size: Code=1012 RO-data=16 RW-data=0 ZI-data=1256  
FromELF: creating hex file...
".\Test.axf" - 0 Errors, 0 Warning(s).
Build target 'Target 1'
compiling main.c...
main.c(12): warning:  #1294-D: Old-style function MsDelay
linking...
Program Size: Code=1016 RO-data=16 RW-data=0 ZI-data=1256  
FromELF: creating hex file...
".\Test.axf" - 0 Errors, 1 Warning(s).
Build target 'Target 1'
linking...
Program Size: Code=1016 RO-data=16 RW-data=0 ZI-data=1256  
FromELF: creating hex file...
".\Test.axf" - 0 Errors, 0 Warning(s).
Build target 'Target 1'
compiling main.c...
main.c(12): warning:  #1294-D: Old-style function MsDelay
linking...
Program Size: Code=1012 RO-data=16 RW-data=0 ZI-data=1256  
FromELF: creating hex file...
".\Test.axf" - 0 Errors, 1 Warning(s).
Build target 'Target 1'
linking...
Program Size: Code=1012 RO-data=16 RW-data=0 ZI-data=1256  
FromELF: creating hex file...
".\Test.axf" - 0 Errors, 0 Warning(s).
Build target 'Target 1'
linking...
Program Size: Code=1012 RO-data=16 RW-data=0 ZI-data=1256  
FromELF: creating hex file...
".\Test.axf" - 0 Errors, 0 Warning(s).
Build target 'Target 1'
compiling main.c...
main.c(12): warning:  #1294-D: Old-style function MsDelay
linking...
Program Size: Code=1012 RO-data=16 RW-data=0 ZI-data=1256  
FromELF: creating hex file...
".\Test.axf" - 0 Errors, 1 Warning(s).
Build target 'Target 1'
linking...
Program Size: Code=1012 RO-data=16 RW-data=0 ZI-data=1256  
FromELF: creating hex file...
".\Test.axf" - 0 Errors, 0 Warning(s).
