<html>
<body>
<pre>
<h1>µVision Build Log</h1>
<h2>Project:</h2>
C:\Users\Piotrek\Desktop\KeilProjects\Test\Current\Lopata.uvproj
Project File Date:  04/22/2019

<h2>Output:</h2>
Build target 'Target 1'
compiling main.c...
main.c(16): warning:  #1294-D: Old-style function MsDelay
linking...
Program Size: Code=992 RO-data=32 RW-data=8 ZI-data=1256  
".\Lopata.axf" - 0 Errors, 1 Warning(s).
Build target 'Target 1'
linking...
Program Size: Code=992 RO-data=32 RW-data=8 ZI-data=1256  
".\Lopata.axf" - 0 Errors, 0 Warning(s).
Build target 'Target 1'
compiling main.c...
main.c(16): warning:  #1294-D: Old-style function MsDelay
main.c(94): warning:  #174-D: expression has no effect
main.c(97): warning:  #174-D: expression has no effect
linking...
Program Size: Code=1016 RO-data=32 RW-data=8 ZI-data=1256  
".\Lopata.axf" - 0 Errors, 3 Warning(s).
Build target 'Target 1'
compiling main.c...
main.c(16): warning:  #1294-D: Old-style function MsDelay
linking...
Program Size: Code=1024 RO-data=32 RW-data=8 ZI-data=1256  
".\Lopata.axf" - 0 Errors, 1 Warning(s).
Build target 'Target 1'
linking...
Program Size: Code=1024 RO-data=32 RW-data=8 ZI-data=1256  
".\Lopata.axf" - 0 Errors, 0 Warning(s).
