<html>
<body>
<pre>
<h1>µVision Build Log</h1>
<h2>Project:</h2>
C:\Users\student\Desktop\KeilProjects\Test\Current\Lopata.uvproj
Project File Date:  04/24/2019

<h2>Output:</h2>
Build target 'Target 1'
compiling main.c...
led.h(3): warning:  #1295-D: Deprecated declaration LedInit - give arg types
led.h(5): warning:  #1295-D: Deprecated declaration LedStepLeft - give arg types
led.h(6): warning:  #1-D: last line of file ends without a newline
led.h(6): warning:  #1295-D: Deprecated declaration LedStepRight - give arg types
main.c(18): warning:  #1294-D: Old-style function MsDelay
compiling led.c...
led.h(3): warning:  #1295-D: Deprecated declaration LedInit - give arg types
led.h(5): warning:  #1295-D: Deprecated declaration LedStepLeft - give arg types
led.h(6): warning:  #1-D: last line of file ends without a newline
led.h(6): warning:  #1295-D: Deprecated declaration LedStepRight - give arg types
led.c(58): warning:  #1-D: last line of file ends without a newline
linking...
Program Size: Code=1052 RO-data=32 RW-data=8 ZI-data=1256  
".\Lopata.axf" - 0 Errors, 10 Warning(s).
Build target 'Target 1'
compiling main.c...
main.c(18): warning:  #1294-D: Old-style function MsDelay
compiling led.c...
led.c(58): warning:  #1-D: last line of file ends without a newline
linking...
Program Size: Code=1052 RO-data=32 RW-data=8 ZI-data=1256  
".\Lopata.axf" - 0 Errors, 2 Warning(s).
Build target 'Target 1'
compiling led.c...
linking...
Program Size: Code=1052 RO-data=32 RW-data=8 ZI-data=1256  
".\Lopata.axf" - 0 Errors, 0 Warning(s).
Build target 'Target 1'
linking...
Program Size: Code=1052 RO-data=32 RW-data=8 ZI-data=1256  
".\Lopata.axf" - 0 Errors, 0 Warning(s).
Build target 'Target 1'
linking...
Program Size: Code=1052 RO-data=32 RW-data=8 ZI-data=1256  
".\Lopata.axf" - 0 Errors, 0 Warning(s).
Build target 'Target 1'
linking...
Program Size: Code=1052 RO-data=32 RW-data=8 ZI-data=1256  
".\Lopata.axf" - 0 Errors, 0 Warning(s).
Build target 'Target 1'
compiling main.c...
main.c(18): warning:  #1294-D: Old-style function MsDelay
linking...
Program Size: Code=1052 RO-data=32 RW-data=8 ZI-data=1256  
".\Lopata.axf" - 0 Errors, 1 Warning(s).
Build target 'Target 1'
linking...
Program Size: Code=1052 RO-data=32 RW-data=8 ZI-data=1256  
".\Lopata.axf" - 0 Errors, 0 Warning(s).
Build target 'Target 1'
compiling main.c...
main.c(18): warning:  #1294-D: Old-style function MsDelay
linking...
Program Size: Code=1052 RO-data=32 RW-data=8 ZI-data=1256  
".\Lopata.axf" - 0 Errors, 1 Warning(s).
Build target 'Target 1'
linking...
Program Size: Code=1052 RO-data=32 RW-data=8 ZI-data=1256  
".\Lopata.axf" - 0 Errors, 0 Warning(s).
Build target 'Target 1'
compiling main.c...
main.c(18): warning:  #1294-D: Old-style function MsDelay
linking...
Program Size: Code=1052 RO-data=32 RW-data=8 ZI-data=1256  
".\Lopata.axf" - 0 Errors, 1 Warning(s).
Build target 'Target 1'
linking...
Program Size: Code=1052 RO-data=32 RW-data=8 ZI-data=1256  
".\Lopata.axf" - 0 Errors, 0 Warning(s).
Build target 'Target 1'
linking...
Program Size: Code=1052 RO-data=32 RW-data=8 ZI-data=1256  
".\Lopata.axf" - 0 Errors, 0 Warning(s).
Build target 'Target 1'
compiling main.c...
main.c(18): warning:  #1294-D: Old-style function MsDelay
linking...
Program Size: Code=1052 RO-data=32 RW-data=8 ZI-data=1256  
".\Lopata.axf" - 0 Errors, 1 Warning(s).
Build target 'Target 1'
linking...
Program Size: Code=1052 RO-data=32 RW-data=8 ZI-data=1256  
".\Lopata.axf" - 0 Errors, 0 Warning(s).
Build target 'Target 1'
linking...
Program Size: Code=1052 RO-data=32 RW-data=8 ZI-data=1256  
".\Lopata.axf" - 0 Errors, 0 Warning(s).
Build target 'Target 1'
linking...
Program Size: Code=1052 RO-data=32 RW-data=8 ZI-data=1256  
".\Lopata.axf" - 0 Errors, 0 Warning(s).
Build target 'Target 1'
compiling main.c...
keyboard.h(3): warning:  #1295-D: Deprecated declaration KeyboardInit - give arg types
keyboard.h(4): warning:  #1-D: last line of file ends without a newline
keyboard.h(4): warning:  #1295-D: Deprecated declaration eReadButton - give arg types
main.c(134): warning:  #223-D: function "MsDelay" declared implicitly
compiling led.c...
compiling keyboard.c...
keyboard.h(3): warning:  #1295-D: Deprecated declaration KeyboardInit - give arg types
keyboard.h(4): warning:  #1-D: last line of file ends without a newline
keyboard.h(4): warning:  #1295-D: Deprecated declaration eReadButton - give arg types
linking...
.\Lopata.axf: Error: L6200E: Symbol eButtonState multiply defined (by keyboard.o and main.o).
".\Lopata.axf" - 1 Errors, 7 Warning(s).
Target not created
Build target 'Target 1'
compiling keyboard.c...
keyboard.h(3): warning:  #1295-D: Deprecated declaration KeyboardInit - give arg types
keyboard.h(4): warning:  #1-D: last line of file ends without a newline
keyboard.h(4): warning:  #1295-D: Deprecated declaration eReadButton - give arg types
linking...
.\Lopata.axf: Error: L6200E: Symbol eButtonState multiply defined (by keyboard.o and main.o).
".\Lopata.axf" - 1 Errors, 3 Warning(s).
Target not created
Build target 'Target 1'
linking...
.\Lopata.axf: Error: L6200E: Symbol eButtonState multiply defined (by keyboard.o and main.o).
".\Lopata.axf" - 1 Errors, 0 Warning(s).
Target not created
Build target 'Target 1'
linking...
.\Lopata.axf: Error: L6200E: Symbol eButtonState multiply defined (by keyboard.o and main.o).
".\Lopata.axf" - 1 Errors, 0 Warning(s).
Target not created
Build target 'Target 1'
linking...
.\Lopata.axf: Error: L6200E: Symbol eButtonState multiply defined (by keyboard.o and main.o).
".\Lopata.axf" - 1 Errors, 0 Warning(s).
Target not created
Build target 'Target 1'
linking...
.\Lopata.axf: Error: L6200E: Symbol eButtonState multiply defined (by keyboard.o and main.o).
".\Lopata.axf" - 1 Errors, 0 Warning(s).
Target not created
Build target 'Target 1'
linking...
.\Lopata.axf: Error: L6200E: Symbol eButtonState multiply defined (by keyboard.o and main.o).
".\Lopata.axf" - 1 Errors, 0 Warning(s).
Target not created
Build target 'Target 1'
linking...
.\Lopata.axf: Error: L6200E: Symbol eButtonState multiply defined (by keyboard.o and main.o).
".\Lopata.axf" - 1 Errors, 0 Warning(s).
Target not created
Build target 'Target 1'
linking...
.\Lopata.axf: Error: L6200E: Symbol eButtonState multiply defined (by keyboard.o and main.o).
".\Lopata.axf" - 1 Errors, 0 Warning(s).
Target not created
Build target 'Target 1'
linking...
.\Lopata.axf: Error: L6200E: Symbol eButtonState multiply defined (by keyboard.o and main.o).
".\Lopata.axf" - 1 Errors, 0 Warning(s).
Target not created
Build target 'Target 1'
linking...
.\Lopata.axf: Error: L6200E: Symbol eButtonState multiply defined (by keyboard.o and main.o).
".\Lopata.axf" - 1 Errors, 0 Warning(s).
Target not created
Clean started: Project: 'Lopata'
   deleting intermediate output files for target 'Target 1'
Build target 'Target 1'
assembling Startup.s...
compiling main.c...
keyboard.h(3): warning:  #1295-D: Deprecated declaration KeyboardInit - give arg types
keyboard.h(4): warning:  #1-D: last line of file ends without a newline
keyboard.h(4): warning:  #1295-D: Deprecated declaration eReadButton - give arg types
main.c(134): warning:  #223-D: function "MsDelay" declared implicitly
compiling led.c...
compiling keyboard.c...
keyboard.h(3): warning:  #1295-D: Deprecated declaration KeyboardInit - give arg types
keyboard.h(4): warning:  #1-D: last line of file ends without a newline
keyboard.h(4): warning:  #1295-D: Deprecated declaration eReadButton - give arg types
linking...
.\Lopata.axf: Error: L6200E: Symbol eButtonState multiply defined (by keyboard.o and main.o).
".\Lopata.axf" - 1 Errors, 7 Warning(s).
Target not created
Build target 'Target 1'
compiling main.c...
main.c(19): warning:  #1294-D: Old-style function MsDelay
compiling keyboard.c...
linking...
.\Lopata.axf: Error: L6200E: Symbol eButtonState multiply defined (by keyboard.o and main.o).
".\Lopata.axf" - 1 Errors, 1 Warning(s).
Target not created
Build target 'Target 1'
linking...
.\Lopata.axf: Error: L6200E: Symbol eButtonState multiply defined (by keyboard.o and main.o).
".\Lopata.axf" - 1 Errors, 0 Warning(s).
Target not created
Clean started: Project: 'Lopata'
   deleting intermediate output files for target 'Target 1'
Build target 'Target 1'
assembling Startup.s...
compiling main.c...
main.c(19): warning:  #1294-D: Old-style function MsDelay
compiling led.c...
compiling keyboard.c...
linking...
.\Lopata.axf: Error: L6200E: Symbol eButtonState multiply defined (by keyboard.o and main.o).
".\Lopata.axf" - 1 Errors, 1 Warning(s).
Target not created
Build target 'Target 1'
compiling main.c...
linking...
.\Lopata.axf: Error: L6200E: Symbol eButtonState multiply defined (by keyboard.o and main.o).
".\Lopata.axf" - 1 Errors, 0 Warning(s).
Target not created
Build target 'Target 1'
compiling main.c...
main.c(19): warning:  #1294-D: Old-style function MsDelay
linking...
.\Lopata.axf: Error: L6200E: Symbol eButtonState multiply defined (by keyboard.o and main.o).
".\Lopata.axf" - 1 Errors, 1 Warning(s).
Target not created
Build target 'Target 1'
compiling main.c...
linking...
.\Lopata.axf: Error: L6200E: Symbol eButtonState multiply defined (by keyboard.o and main.o).
".\Lopata.axf" - 1 Errors, 0 Warning(s).
Target not created
Build target 'Target 1'
compiling main.c...
compiling keyboard.c...
linking...
Program Size: Code=1032 RO-data=32 RW-data=4 ZI-data=1260  
".\Lopata.axf" - 0 Errors, 0 Warning(s).
Build target 'Target 1'
linking...
Program Size: Code=1032 RO-data=32 RW-data=4 ZI-data=1260  
".\Lopata.axf" - 0 Errors, 0 Warning(s).
Build target 'Target 1'
compiling main.c...
compiling led.c...
compiling keyboard.c...
linking...
Program Size: Code=1032 RO-data=32 RW-data=4 ZI-data=1260  
".\Lopata.axf" - 0 Errors, 0 Warning(s).
Build target 'Target 1'
linking...
Program Size: Code=1032 RO-data=32 RW-data=4 ZI-data=1260  
".\Lopata.axf" - 0 Errors, 0 Warning(s).
Build target 'Target 1'
linking...
Program Size: Code=1032 RO-data=32 RW-data=4 ZI-data=1260  
".\Lopata.axf" - 0 Errors, 0 Warning(s).
Build target 'Target 1'
linking...
Program Size: Code=1032 RO-data=32 RW-data=4 ZI-data=1260  
".\Lopata.axf" - 0 Errors, 0 Warning(s).
Build target 'Target 1'
linking...
Program Size: Code=1032 RO-data=32 RW-data=4 ZI-data=1260  
".\Lopata.axf" - 0 Errors, 0 Warning(s).
Build target 'Target 1'
linking...
Program Size: Code=1032 RO-data=32 RW-data=4 ZI-data=1260  
".\Lopata.axf" - 0 Errors, 0 Warning(s).
Build target 'Target 1'
linking...
Program Size: Code=1032 RO-data=32 RW-data=4 ZI-data=1260  
".\Lopata.axf" - 0 Errors, 0 Warning(s).
Build target 'Target 1'
linking...
Program Size: Code=1032 RO-data=32 RW-data=4 ZI-data=1260  
".\Lopata.axf" - 0 Errors, 0 Warning(s).
Build target 'Target 1'
linking...
Program Size: Code=1304 RO-data=32 RW-data=4 ZI-data=1260  
FromELF: creating hex file...
".\Lopata.axf" - 0 Errors, 0 Warning(s).
Build target 'Target 1'
compiling main.c...
linking...
Program Size: Code=1304 RO-data=32 RW-data=4 ZI-data=1260  
FromELF: creating hex file...
".\Lopata.axf" - 0 Errors, 0 Warning(s).
Build target 'Target 1'
linking...
Program Size: Code=1304 RO-data=32 RW-data=4 ZI-data=1260  
FromELF: creating hex file...
".\Lopata.axf" - 0 Errors, 0 Warning(s).
Build target 'Target 1'
compiling led.c...
linking...
Program Size: Code=1304 RO-data=32 RW-data=4 ZI-data=1260  
FromELF: creating hex file...
".\Lopata.axf" - 0 Errors, 0 Warning(s).
Build target 'Target 1'
linking...
Program Size: Code=1304 RO-data=32 RW-data=4 ZI-data=1260  
FromELF: creating hex file...
".\Lopata.axf" - 0 Errors, 0 Warning(s).
Build target 'Target 1'
compiling keyboard.c...
linking...
Program Size: Code=1304 RO-data=32 RW-data=4 ZI-data=1260  
FromELF: creating hex file...
".\Lopata.axf" - 0 Errors, 0 Warning(s).
Build target 'Target 1'
linking...
Program Size: Code=1304 RO-data=32 RW-data=4 ZI-data=1260  
FromELF: creating hex file...
".\Lopata.axf" - 0 Errors, 0 Warning(s).
Build target 'Target 1'
compiling keyboard.c...
linking...
Program Size: Code=1304 RO-data=32 RW-data=4 ZI-data=1260  
FromELF: creating hex file...
".\Lopata.axf" - 0 Errors, 0 Warning(s).
Build target 'Target 1'
linking...
Program Size: Code=1304 RO-data=32 RW-data=4 ZI-data=1260  
FromELF: creating hex file...
".\Lopata.axf" - 0 Errors, 0 Warning(s).
Build target 'Target 1'
compiling main.c...
linking...
Program Size: Code=1304 RO-data=32 RW-data=4 ZI-data=1260  
FromELF: creating hex file...
".\Lopata.axf" - 0 Errors, 0 Warning(s).
Build target 'Target 1'
compiling main.c...
compiling led.c...
led.c(35): warning:  #231-D: declaration is not visible outside of function
led.c(35): error:  #70: incomplete type is not allowed
led.c(38): error:  #20: identifier "LEFT" is undefined
led.c(52): error:  #20: identifier "LEFT" is undefined
led.c(57): error:  #20: identifier "RIGHT" is undefined
".\Lopata.axf" - 4 Errors, 1 Warning(s).
Target not created
Build target 'Target 1'
compiling main.c...
compiling led.c...
linking...
Program Size: Code=1304 RO-data=32 RW-data=4 ZI-data=1260  
FromELF: creating hex file...
".\Lopata.axf" - 0 Errors, 0 Warning(s).
Build target 'Target 1'
linking...
Program Size: Code=1304 RO-data=32 RW-data=4 ZI-data=1260  
FromELF: creating hex file...
".\Lopata.axf" - 0 Errors, 0 Warning(s).
Clean started: Project: 'Lopata'
   deleting intermediate output files for target 'Target 1'
Build target 'Target 1'
assembling Startup.s...
compiling main.c...
compiling led.c...
compiling keyboard.c...
linking...
Program Size: Code=1304 RO-data=32 RW-data=4 ZI-data=1260  
FromELF: creating hex file...
".\Lopata.axf" - 0 Errors, 0 Warning(s).
Build target 'Target 1'
linking...
Program Size: Code=1304 RO-data=32 RW-data=4 ZI-data=1260  
FromELF: creating hex file...
".\Lopata.axf" - 0 Errors, 0 Warning(s).
Build target 'Target 1'
linking...
Program Size: Code=1304 RO-data=32 RW-data=4 ZI-data=1260  
FromELF: creating hex file...
".\Lopata.axf" - 0 Errors, 0 Warning(s).
Build target 'Target 1'
compiling main.c...
compiling keyboard.c...
linking...
Program Size: Code=1304 RO-data=32 RW-data=4 ZI-data=1260  
FromELF: creating hex file...
".\Lopata.axf" - 0 Errors, 0 Warning(s).
Build target 'Target 1'
linking...
Program Size: Code=1304 RO-data=32 RW-data=4 ZI-data=1260  
FromELF: creating hex file...
".\Lopata.axf" - 0 Errors, 0 Warning(s).
Build target 'Target 1'
linking...
Program Size: Code=1304 RO-data=32 RW-data=4 ZI-data=1260  
FromELF: creating hex file...
".\Lopata.axf" - 0 Errors, 0 Warning(s).
Build target 'Target 1'
compiling main.c...
linking...
Program Size: Code=1304 RO-data=32 RW-data=4 ZI-data=1260  
FromELF: creating hex file...
".\Lopata.axf" - 0 Errors, 0 Warning(s).
Build target 'Target 1'
linking...
Program Size: Code=1304 RO-data=32 RW-data=4 ZI-data=1260  
FromELF: creating hex file...
".\Lopata.axf" - 0 Errors, 0 Warning(s).
Build target 'Target 1'
compiling main.c...
compiling led.c...
linking...
Program Size: Code=1304 RO-data=32 RW-data=4 ZI-data=1260  
FromELF: creating hex file...
".\Lopata.axf" - 0 Errors, 0 Warning(s).
Build target 'Target 1'
linking...
Program Size: Code=1304 RO-data=32 RW-data=4 ZI-data=1260  
FromELF: creating hex file...
".\Lopata.axf" - 0 Errors, 0 Warning(s).
Build target 'Target 1'
compiling main.c...
compiling led.c...
compiling keyboard.c...
keyboard.c(9): error:  #101: "KeyboardState" has already been declared in the current scope
keyboard.c(9): error:  #101: "RELEASED" has already been declared in the current scope
keyboard.c(9): error:  #101: "BUTTON_0" has already been declared in the current scope
keyboard.c(9): error:  #101: "BUTTON_1" has already been declared in the current scope
keyboard.c(9): error:  #101: "BUTTON_2" has already been declared in the current scope
keyboard.c(9): error:  #101: "BUTTON_3" has already been declared in the current scope
keyboard.c(16): error:  #147-D: declaration is incompatible with "enum KeyboardState eReadButton(void)" (declared at line 4 of "keyboard.h")
".\Lopata.axf" - 7 Errors, 0 Warning(s).
Target not created
Build target 'Target 1'
compiling keyboard.c...
linking...
Program Size: Code=1304 RO-data=32 RW-data=4 ZI-data=1260  
FromELF: creating hex file...
".\Lopata.axf" - 0 Errors, 0 Warning(s).
Build target 'Target 1'
linking...
Program Size: Code=1304 RO-data=32 RW-data=4 ZI-data=1260  
FromELF: creating hex file...
".\Lopata.axf" - 0 Errors, 0 Warning(s).
