<html>
<body>
<pre>
<h1>µVision Build Log</h1>
<h2>Project:</h2>
C:\Users\Piotrek\Desktop\mtm_ppsw\Archives\GPIO\GPIO.uvproj
Project File Date:  04/24/2019

<h2>Output:</h2>
Build target 'Target 1'
assembling Startup.s...
compiling main.c...
linking...
Program Size: Code=1300 RO-data=32 RW-data=4 ZI-data=1260  
FromELF: creating hex file...
".\GPIO.axf" - 0 Errors, 0 Warning(s).
Build target 'Target 1'
compiling main.c...
linking...
Program Size: Code=1300 RO-data=32 RW-data=4 ZI-data=1260  
FromELF: creating hex file...
".\GPIO.axf" - 0 Errors, 0 Warning(s).
Build target 'Target 1'
compiling main.c...
linking...
Program Size: Code=1292 RO-data=32 RW-data=4 ZI-data=1260  
FromELF: creating hex file...
".\GPIO.axf" - 0 Errors, 0 Warning(s).
Build target 'Target 1'
linking...
Program Size: Code=1292 RO-data=32 RW-data=4 ZI-data=1260  
FromELF: creating hex file...
".\GPIO.axf" - 0 Errors, 0 Warning(s).
Build target 'Target 1'
compiling main.c...
linking...
Program Size: Code=1292 RO-data=32 RW-data=4 ZI-data=1260  
FromELF: creating hex file...
".\GPIO.axf" - 0 Errors, 0 Warning(s).
Build target 'Target 1'
linking...
Program Size: Code=1292 RO-data=32 RW-data=4 ZI-data=1260  
FromELF: creating hex file...
".\GPIO.axf" - 0 Errors, 0 Warning(s).
Build target 'Target 1'
compiling main.c...
linking...
Program Size: Code=1292 RO-data=32 RW-data=4 ZI-data=1260  
FromELF: creating hex file...
".\GPIO.axf" - 0 Errors, 0 Warning(s).
Build target 'Target 1'
linking...
Program Size: Code=1292 RO-data=32 RW-data=4 ZI-data=1260  
FromELF: creating hex file...
".\GPIO.axf" - 0 Errors, 0 Warning(s).
