<html>
<body>
<pre>
<h1>µVision Build Log</h1>
<h2>Project:</h2>
C:\Users\student\Desktop\KeilProjects\Test\1-6\GPIO.uvproj
Project File Date:  03/20/2019

<h2>Output:</h2>
Build target 'Target 1'
assembling Startup.s...
compiling main.c...
main.c(3): warning:  #1294-D: Old-style function MsDelay
linking...
Program Size: Code=804 RO-data=16 RW-data=0 ZI-data=1256  
FromELF: creating hex file...
".\Test.axf" - 0 Errors, 1 Warning(s).
Clean started: Project: 'GPIO'
   deleting intermediate output files for target 'Target 1'
