<html>
<body>
<pre>
<h1>µVision Build Log</h1>
<h2>Project:</h2>
C:\Users\student\Desktop\mtm_ppsw\Current\Automaty-4\Automaty-4.uvproj
Project File Date:  05/08/2019

<h2>Output:</h2>
Build target 'Target 1'
linking...
Program Size: Code=1384 RO-data=32 RW-data=8 ZI-data=1256  
FromELF: creating hex file...
".\Automaty-4.axf" - 0 Errors, 0 Warning(s).
Build target 'Target 1'
compiling main.c...
linking...
Program Size: Code=1384 RO-data=32 RW-data=8 ZI-data=1256  
FromELF: creating hex file...
".\Automaty-4.axf" - 0 Errors, 0 Warning(s).
Build target 'Target 1'
linking...
Program Size: Code=1384 RO-data=32 RW-data=8 ZI-data=1256  
FromELF: creating hex file...
".\Automaty-4.axf" - 0 Errors, 0 Warning(s).
Build target 'Target 1'
compiling main.c...
linking...
Program Size: Code=1384 RO-data=32 RW-data=8 ZI-data=1256  
FromELF: creating hex file...
".\Automaty-4.axf" - 0 Errors, 0 Warning(s).
Build target 'Target 1'
linking...
Program Size: Code=1384 RO-data=32 RW-data=8 ZI-data=1256  
FromELF: creating hex file...
".\Automaty-4.axf" - 0 Errors, 0 Warning(s).
